00:00 +0: loading D:/school stuff 2/HCA/Consent form project/ConsentLink/app/test/core/app_theme_test.dart
00:00 +0: D:/school stuff 2/HCA/Consent form project/ConsentLink/app/test/core/app_theme_test.dart: high-contrast primary colours support white text at AA contrast
00:00 +1: D:/school stuff 2/HCA/Consent form project/ConsentLink/app/test/core/app_theme_test.dart: normal theme preserves the exact ConsentLink green
00:00 +2: D:/school stuff 2/HCA/Consent form project/ConsentLink/app/test/core/app_theme_test.dart: normal theme separates white surfaces from the canvas
00:00 +3: D:/school stuff 2/HCA/Consent form project/ConsentLink/app/test/core/app_theme_test.dart: an institution seed changes the primary theme colour
00:00 +4: D:/school stuff 2/HCA/Consent form project/ConsentLink/app/test/core/app_theme_test.dart: the canvas matches the ConsentLink design token
00:00 +5: D:/school stuff 2/HCA/Consent form project/ConsentLink/app/test/core/institution_theme_test.dart: NUST keeps its specified palette
00:00 +6: D:/school stuff 2/HCA/Consent form project/ConsentLink/app/test/core/institution_theme_test.dart: UNAM keeps its specified palette
00:00 +7: D:/school stuff 2/HCA/Consent form project/ConsentLink/app/test/core/institution_theme_test.dart: IUM keeps its specified palette
00:00 +8: D:/school stuff 2/HCA/Consent form project/ConsentLink/app/test/core/institution_theme_test.dart: WU keeps its specified palette
00:00 +9: D:/school stuff 2/HCA/Consent form project/ConsentLink/app/test/core/institution_theme_test.dart: Triumphant College keeps its specified palette
00:00 +10: D:/school stuff 2/HCA/Consent form project/ConsentLink/app/test/core/institution_theme_test.dart: ITC Lingua keeps its specified palette
00:00 +11: D:/school stuff 2/HCA/Consent form project/ConsentLink/app/test/core/institution_theme_test.dart: Independent keeps its specified palette
00:02 +12: D:/school stuff 2/HCA/Consent form project/ConsentLink/app/test/features/app_shell_test.dart: all five phone destinations can be opened
00:03 +13: D:/school stuff 2/HCA/Consent form project/ConsentLink/app/test/features/app_shell_test.dart: all five phone destinations can be opened
00:04 +14: D:/school stuff 2/HCA/Consent form project/ConsentLink/app/test/features/app_shell_test.dart: all five phone destinations can be opened
00:04 +15: D:/school stuff 2/HCA/Consent form project/ConsentLink/app/test/features/app_shell_test.dart: all five phone destinations can be opened
00:04 +16: D:/school stuff 2/HCA/Consent form project/ConsentLink/app/test/features/app_shell_test.dart: all five phone destinations can be opened
00:05 +17: D:/school stuff 2/HCA/Consent form project/ConsentLink/app/test/features/app_shell_test.dart: all five phone destinations can be opened
00:05 +18: D:/school stuff 2/HCA/Consent form project/ConsentLink/app/test/features/app_shell_test.dart: all five phone destinations can be opened
00:05 +19: D:/school stuff 2/HCA/Consent form project/ConsentLink/app/test/features/app_shell_test.dart: all five phone destinations can be opened
00:05 +20: D:/school stuff 2/HCA/Consent form project/ConsentLink/app/test/features/app_shell_test.dart: all five phone destinations can be opened
00:06 +21: D:/school stuff 2/HCA/Consent form project/ConsentLink/app/test/features/app_shell_test.dart: all five phone destinations can be opened
00:06 +22: D:/school stuff 2/HCA/Consent form project/ConsentLink/app/test/features/app_shell_test.dart: all five phone destinations can be opened
00:06 +23: D:/school stuff 2/HCA/Consent form project/ConsentLink/app/test/features/new_consent_test.dart: normal mode uploads nothing and keeps Analyse disabled
00:06 +24: D:/school stuff 2/HCA/Consent form project/ConsentLink/app/test/features/offline_pack_test.dart: unavailable packs stay pending and continuing opens Home
00:06 +25: D:/school stuff 2/HCA/Consent form project/ConsentLink/app/test/features/app_shell_test.dart: phone navigation works at 200 percent text
00:07 +26: D:/school stuff 2/HCA/Consent form project/ConsentLink/app/test/features/app_shell_test.dart: phone navigation works at 200 percent text
00:07 +27: D:/school stuff 2/HCA/Consent form project/ConsentLink/app/test/features/app_shell_test.dart: phone navigation works at 200 percent text
00:08 +28: D:/school stuff 2/HCA/Consent form project/ConsentLink/app/test/features/new_consent_test.dart: preview upload scans the PDF, blocks the exe, enables Analyse
00:09 +29: D:/school stuff 2/HCA/Consent form project/ConsentLink/app/test/features/app_shell_test.dart: wide layouts use the side navigation rail
00:09 +30: D:/school stuff 2/HCA/Consent form project/ConsentLink/app/test/features/new_consent_test.dart: review: approve, undo, add missing element and finish
00:10 +31: D:/school stuff 2/HCA/Consent form project/ConsentLink/app/test/features/app_shell_test.dart: navigation exposes an activation action to TalkBack
00:10 +32: D:/school stuff 2/HCA/Consent form project/ConsentLink/app/test/features/app_shell_test.dart: navigation exposes an activation action to TalkBack
00:12 +33: D:/school stuff 2/HCA/Consent form project/ConsentLink/app/test/features/app_shell_test.dart: navigation exposes an activation action to TalkBack
00:12 +34: D:/school stuff 2/HCA/Consent form project/ConsentLink/app/test/features/app_shell_test.dart: navigation exposes an activation action to TalkBack
00:12 +35: D:/school stuff 2/HCA/Consent form project/ConsentLink/app/test/features/app_shell_test.dart: navigation exposes an activation action to TalkBack
00:14 +36: D:/school stuff 2/HCA/Consent form project/ConsentLink/app/test/features/preference_persistence_test.dart: invalid stored settings fall back to safe defaults
00:14 +37: D:/school stuff 2/HCA/Consent form project/ConsentLink/app/test/features/preference_persistence_test.dart: preference changes save the latest complete settings
00:14 +38: D:/school stuff 2/HCA/Consent form project/ConsentLink/app/test/features/preference_persistence_test.dart: old preferences still restore without an institution
00:14 +39: D:/school stuff 2/HCA/Consent form project/ConsentLink/app/test/features/preference_persistence_test.dart: invalid or incomplete institution selections are discarded
00:14 +40: D:/school stuff 2/HCA/Consent form project/ConsentLink/app/test/features/preference_persistence_test.dart: institution changes preserve accessibility settings
00:17 +41: D:/school stuff 2/HCA/Consent form project/ConsentLink/app/test/features/projects_test.dart: normal mode shows an honest empty state
00:18 +42: D:/school stuff 2/HCA/Consent form project/ConsentLink/app/test/features/projects_test.dart: preview lists sample projects and filters them
00:18 +43: D:/school stuff 2/HCA/Consent form project/ConsentLink/app/test/features/projects_test.dart: a card opens the project detail and back returns
00:18 +44: D:/school stuff 2/HCA/Consent form project/ConsentLink/app/test/features/projects_test.dart: field capture only starts for collecting projects
00:18 +45: D:/school stuff 2/HCA/Consent form project/ConsentLink/app/test/features/projects_test.dart: detail fits a narrow screen with large text and targets
00:19 +46: D:/school stuff 2/HCA/Consent form project/ConsentLink/app/test/features/projects_test.dart: reduce motion makes the push a short fade
00:20 +47: D:/school stuff 2/HCA/Consent form project/ConsentLink/app/test/features/sign_up_hints_test.dart: institution suggestion requires the exact configured domain
00:20 +48: D:/school stuff 2/HCA/Consent form project/ConsentLink/app/test/features/sign_up_hints_test.dart: a familiar password is not rated strong
00:23 +49: D:/school stuff 2/HCA/Consent form project/ConsentLink/app/test/features/splash_render_test.dart: splash has visible artwork before the final frame
00:26 +50: D:/school stuff 2/HCA/Consent form project/ConsentLink/app/test/features/splash_screen_test.dart: reduced motion keeps the final artwork visible before leaving
00:27 +51: D:/school stuff 2/HCA/Consent form project/ConsentLink/app/test/features/splash_screen_test.dart: the splash animation plays once before opening Home
00:27 +52: D:/school stuff 2/HCA/Consent form project/ConsentLink/app/test/features/splash_screen_test.dart: the splash asset excludes mock status-bar graphics
00:27 +53: D:/school stuff 2/HCA/Consent form project/ConsentLink/app/test/features/splash_screen_test.dart: splash text and loading dots share the screen centre
00:30 +54: D:/school stuff 2/HCA/Consent form project/ConsentLink/app/test/widget_test.dart: the ConsentLink app opens on Home
00:35 +55: D:/school stuff 2/HCA/Consent form project/ConsentLink/app/test/widget_test.dart: theme motion responds to the device accessibility setting
00:39 +56: All tests passed!
